// Jest Snapshot v1, https://goo.gl/fbAQLP

exports[`Login container tests Login should match its snapshot 1`] = `ShallowWrapper {}`;
