// Jest Snapshot v1, https://goo.gl/fbAQLP

exports[`MovieInfo container tests Movie should match its snapshot 1`] = `ShallowWrapper {}`;
