// Jest Snapshot v1, https://goo.gl/fbAQLP

exports[`MoviesContainer container tests MoviesContainer should match its snapshot 1`] = `ShallowWrapper {}`;
