// Jest Snapshot v1, https://goo.gl/fbAQLP

exports[`CreateUser container tests CreateUser should match its snapshot 1`] = `ShallowWrapper {}`;
