// Jest Snapshot v1, https://goo.gl/fbAQLP

exports[`App container tests App should match its snapshot 1`] = `ShallowWrapper {}`;
